Guess:_-_+_
You correctly guessed 2 characters.
Guess:_____
You correctly guessed 0 characters.
Guess:Congratulations! You guessed the right answer: hello
