Guess:_-_+_
You correctly guessed 2 characters.
Guess:_____
You correctly guessed 0 characters.
Guess:--+--
You correctly guessed 5 characters.
Guess:Game aborted. The answer was: hello
