Guess:Congratulations! You guessed the right answer: mouse
