Guess:Your guess must be exactly 5 characters. Please make another.
Guess:Your guess must be exactly 5 characters. Please make another.
Guess:Your guess must be exactly 5 characters. Please make another.
Guess:Your guess must be exactly 5 characters. Please make another.
Guess:Your guess must be exactly 5 characters. Please make another.
Guess:Your guess must be exactly 5 characters. Please make another.
Guess:Your guess must be exactly 5 characters. Please make another.
Guess:Your guess must be exactly 5 characters. Please make another.
Guess:Your guess must be exactly 5 characters. Please make another.
Guess:Your guess must be exactly 5 characters. Please make another.
Guess:Your guess must be exactly 5 characters. Please make another.
Guess:Your guess must be exactly 5 characters. Please make another.
Guess:Game aborted. The answer was: world
